world ready  three r185  scene=ow-valley  bw={"on":true,"installed":false}
postfx: {"grade":true,"ao":true,"family":"realtime"}

site     arm            edgeRGB  edgeFoe  edgeMin  clutter    snr   foeH%   occl  pitch
  meadow/p0.16 ... edge=20.98 min=7.95 clutter=46.82 snr=0.448
meadow   pitch 0.16       20.98    18.02     7.95    46.82  0.448   25.59   0.02   0.16
  meadow/p0.22 ... edge=20.64 min=9.88 clutter=44.19 snr=0.467
meadow   pitch 0.22       20.64    21.35     9.88    44.19  0.467   27.99   0.03   0.22
  meadow/p0.27 ... edge=18.31 min=10.1 clutter=43.81 snr=0.418
meadow   pitch 0.27       18.31    18.05     10.1    43.81  0.418   31.25   0.04   0.27
  meadow/p0.28 ... edge=9.96 min=3.25 clutter=47.56 snr=0.209
meadow   pitch 0.28        9.96       14     3.25    47.56  0.209   22.07   0.02   0.28
  meadow/p0.34 ... edge=18.2 min=9.76 clutter=50.08 snr=0.363
meadow   pitch 0.34        18.2    14.32     9.76    50.08  0.363   28.71   0.04   0.34
  forest/p0.16 ... edge=13.51 min=8.97 clutter=23.88 snr=0.566
forest   pitch 0.16       13.51    17.05     8.97    23.88  0.566   30.14   0.13   0.16
  forest/p0.22 ... edge=12.69 min=6.31 clutter=23.02 snr=0.551
forest   pitch 0.22       12.69    17.27     6.31    23.02  0.551    30.6   0.13   0.22
  forest/p0.27 ... edge=11.54 min=5.35 clutter=22.77 snr=0.507
forest   pitch 0.27       11.54    16.86     5.35    22.77  0.507   30.66   0.14   0.27
  forest/p0.28 ... edge=11.6 min=4.94 clutter=22.5 snr=0.516
forest   pitch 0.28        11.6    16.51     4.94     22.5  0.516   30.86   0.14   0.28
  forest/p0.34 ... edge=10.93 min=5.09 clutter=21.68 snr=0.504
forest   pitch 0.34       10.93    16.66     5.09    21.68  0.504   31.71   0.12   0.34
  water/p0.16 ... edge=13.1 min=3.78 clutter=26.71 snr=0.49
water    pitch 0.16        13.1     9.85     3.78    26.71   0.49   26.89   0.02   0.16
  water/p0.22 ... edge=18.27 min=10 clutter=27.23 snr=0.671
water    pitch 0.22       18.27    17.14       10    27.23  0.671   26.63   0.03   0.22
  water/p0.27 ... edge=19.95 min=6.68 clutter=23.74 snr=0.84
water    pitch 0.27       19.95    23.77     6.68    23.74   0.84   28.52   0.04   0.27
  water/p0.28 ... edge=18.8 min=3.89 clutter=23.69 snr=0.794
water    pitch 0.28        18.8    22.54     3.89    23.69  0.794   27.54   0.04   0.28
  water/p0.34 ... edge=22.68 min=11.16 clutter=16.84 snr=1.347
water    pitch 0.34       22.68    33.51    11.16    16.84  1.347   26.57   0.05   0.34
  crag/p0.16 ... edge=21.39 min=2.69 clutter=17.1 snr=1.251
crag     pitch 0.16       21.39    30.95     2.69     17.1  1.251   18.36   0.04   0.16
  crag/p0.22 ... edge=19.7 min=3.24 clutter=17.34 snr=1.136
crag     pitch 0.22        19.7     30.1     3.24    17.34  1.136   18.69   0.04   0.22
  crag/p0.27 ... edge=19.84 min=4.58 clutter=17.97 snr=1.104
crag     pitch 0.27       19.84    28.95     4.58    17.97  1.104   18.75   0.05   0.27
  crag/p0.28 ... edge=19.82 min=4.57 clutter=17.99 snr=1.102
crag     pitch 0.28       19.82    29.35     4.57    17.99  1.102   18.36   0.05   0.28
  crag/p0.34 ... edge=18.52 min=5.3 clutter=17.58 snr=1.053
crag     pitch 0.34       18.52    26.58      5.3    17.58  1.053   18.69   0.05   0.34

site     arm            edgeRGB  edgeFoe  edgeMin  clutter    snr   foeH%   occl  pitch
meadow   p0.16            20.98    18.02     7.95    46.82  0.448   25.59   0.02   0.16
meadow   p0.22            20.64    21.35     9.88    44.19  0.467   27.99   0.03   0.22
meadow   p0.27            18.31    18.05     10.1    43.81  0.418   31.25   0.04   0.27
meadow   p0.28             9.96       14     3.25    47.56  0.209   22.07   0.02   0.28
meadow   p0.34             18.2    14.32     9.76    50.08  0.363   28.71   0.04   0.34
forest   p0.16            13.51    17.05     8.97    23.88  0.566   30.14   0.13   0.16
forest   p0.22            12.69    17.27     6.31    23.02  0.551    30.6   0.13   0.22
forest   p0.27            11.54    16.86     5.35    22.77  0.507   30.66   0.14   0.27
forest   p0.28             11.6    16.51     4.94     22.5  0.516   30.86   0.14   0.28
forest   p0.34            10.93    16.66     5.09    21.68  0.504   31.71   0.12   0.34
water    p0.16             13.1     9.85     3.78    26.71   0.49   26.89   0.02   0.16
water    p0.22            18.27    17.14       10    27.23  0.671   26.63   0.03   0.22
water    p0.27            19.95    23.77     6.68    23.74   0.84   28.52   0.04   0.27
water    p0.28             18.8    22.54     3.89    23.69  0.794   27.54   0.04   0.28
water    p0.34            22.68    33.51    11.16    16.84  1.347   26.57   0.05   0.34
crag     p0.16            21.39    30.95     2.69     17.1  1.251   18.36   0.04   0.16
crag     p0.22             19.7     30.1     3.24    17.34  1.136   18.69   0.04   0.22
crag     p0.27            19.84    28.95     4.58    17.97  1.104   18.75   0.05   0.27
crag     p0.28            19.82    29.35     4.57    17.99  1.102   18.36   0.05   0.28
crag     p0.34            18.52    26.58      5.3    17.58  1.053   18.69   0.05   0.34
